// Jest Snapshot v1, https://goo.gl/fbAQLP

exports[`ErrorBox basic snapshot 1`] = `
<div
  className="ErrorBox"
/>
`;
